#-----------------------------------------------------------
# Vivado v2017.4 (64-bit)
# SW Build 2086221 on Fri Dec 15 20:55:39 MST 2017
# IP Build 2085800 on Fri Dec 15 22:25:07 MST 2017
# Start of session at: Thu Dec  1 10:59:52 2022
# Process ID: 15196
# Current directory: D:/Desktop/experiment/RegFIle
# Command line: vivado.exe -gui_launcher_event rodinguilauncherevent1156 D:\Desktop\experiment\RegFIle\RegFIle.xpr
# Log file: D:/Desktop/experiment/RegFIle/vivado.log
# Journal file: D:/Desktop/experiment/RegFIle\vivado.jou
#-----------------------------------------------------------
start_guioopen_project D:/Desktop/experiment/RegFIle/RegFIle.xprupdate_compile_order -fileset sources_1
launch_simulation
source sim_Reg_File.tcl
relaunch_sim
close_sim
launch_simulation
close [ open D:/Desktop/experiment/RegFIle/RegFIle.srcs/sources_1/new/Reg_File.v w ]
add_files D:/Desktop/experiment/RegFIle/RegFIle.srcs/sources_1/new/Reg_File.v
update_compile_order -fileset sources_1
# Disabling source management mode.  This is to allow the top design properties to be set without GUI intervention.
set_property source_mgmt_mode None [current_project]
set_property top Reg_File [current_fileset]
# Re-enabling previously disabled source management mode.
set_property source_mgmt_mode All [current_project]
update_compile_order -fileset sources_1
export_ip_user_files -of_objects  [get_files D:/Desktop/experiment/RegFIle/RegFIle.srcs/sources_1/new/Reg_Flie.v] -no_script -reset -force -quiet
remove_files  D:/Desktop/experiment/RegFIle/RegFIle.srcs/sources_1/new/Reg_Flie.v
file delete -force D:/Desktop/experiment/RegFIle/RegFIle.srcs/sources_1/new/Reg_Flie.v
launch_simulation
source sim_Reg_File.tcl
relaunch_sim
relaunch_sim
relaunch_sim
relaunch_sim
synth_design -rtl -name rtl_1
close_sim
